10:13:35 **** Incremental Build of configuration Debug for project P1E1 ****
make -j12 all 
arm-none-eabi-gcc "../Src/main.c" -mcpu=cortex-m4 -std=gnu11 -g3 -DDEBUG -DSTM32 -DSTM32F429ZITx -DSTM32F4 -DNUCLEO_F429ZI -DUSE_HAL_DRIVER -DSTM32F429xx -c -I../Inc -I"/home/nico/Documentos/stm32Examples/PdM_workspace/P1E1/Drivers/STM32F4xx_HAL_Driver/Inc" -I"/home/nico/Documentos/stm32Examples/PdM_workspace/P1E1/Drivers/CMSIS/Include" -I"/home/nico/Documentos/stm32Examples/PdM_workspace/P1E1/Drivers/CMSIS/Device/ST/STM32F4xx/Include" -I"/home/nico/Documentos/stm32Examples/PdM_workspace/P1E1/Drivers/BSP/STM32F4xx_Nucleo_144" -I"/home/nico/Documentos/stm32Examples/PdM_workspace/P1E1/Drivers/Core/Inc" -O0 -ffunction-sections -fdata-sections -Wall -fstack-usage -MMD -MP -MF"Src/main.d" -MT"Src/main.o" --specs=nano.specs -mfpu=fpv4-sp-d16 -mfloat-abi=hard -mthumb -o "Src/main.o"
arm-none-eabi-gcc "../Drivers/STM32F4xx_HAL_Driver/Src/stm32f4xx_hal_msp.c" -mcpu=cortex-m4 -std=gnu11 -g3 -DDEBUG -DSTM32 -DSTM32F429ZITx -DSTM32F4 -DNUCLEO_F429ZI -DUSE_HAL_DRIVER -DSTM32F429xx -c -I../Inc -I"/home/nico/Documentos/stm32Examples/PdM_workspace/P1E1/Drivers/STM32F4xx_HAL_Driver/Inc" -I"/home/nico/Documentos/stm32Examples/PdM_workspace/P1E1/Drivers/CMSIS/Include" -I"/home/nico/Documentos/stm32Examples/PdM_workspace/P1E1/Drivers/CMSIS/Device/ST/STM32F4xx/Include" -I"/home/nico/Documentos/stm32Examples/PdM_workspace/P1E1/Drivers/BSP/STM32F4xx_Nucleo_144" -I"/home/nico/Documentos/stm32Examples/PdM_workspace/P1E1/Drivers/Core/Inc" -O0 -ffunction-sections -fdata-sections -Wall -fstack-usage -MMD -MP -MF"Drivers/STM32F4xx_HAL_Driver/Src/stm32f4xx_hal_msp.d" -MT"Drivers/STM32F4xx_HAL_Driver/Src/stm32f4xx_hal_msp.o" --specs=nano.specs -mfpu=fpv4-sp-d16 -mfloat-abi=hard -mthumb -o "Drivers/STM32F4xx_HAL_Driver/Src/stm32f4xx_hal_msp.o"
arm-none-eabi-gcc "../Drivers/Core/Src/stm32f4xx_it.c" -mcpu=cortex-m4 -std=gnu11 -g3 -DDEBUG -DSTM32 -DSTM32F429ZITx -DSTM32F4 -DNUCLEO_F429ZI -DUSE_HAL_DRIVER -DSTM32F429xx -c -I../Inc -I"/home/nico/Documentos/stm32Examples/PdM_workspace/P1E1/Drivers/STM32F4xx_HAL_Driver/Inc" -I"/home/nico/Documentos/stm32Examples/PdM_workspace/P1E1/Drivers/CMSIS/Include" -I"/home/nico/Documentos/stm32Examples/PdM_workspace/P1E1/Drivers/CMSIS/Device/ST/STM32F4xx/Include" -I"/home/nico/Documentos/stm32Examples/PdM_workspace/P1E1/Drivers/BSP/STM32F4xx_Nucleo_144" -I"/home/nico/Documentos/stm32Examples/PdM_workspace/P1E1/Drivers/Core/Inc" -O0 -ffunction-sections -fdata-sections -Wall -fstack-usage -MMD -MP -MF"Drivers/Core/Src/stm32f4xx_it.d" -MT"Drivers/Core/Src/stm32f4xx_it.o" --specs=nano.specs -mfpu=fpv4-sp-d16 -mfloat-abi=hard -mthumb -o "Drivers/Core/Src/stm32f4xx_it.o"
arm-none-eabi-gcc -o "P1E1.elf" @"objects.list"   -mcpu=cortex-m4 -T"/home/nico/Documentos/stm32Examples/PdM_workspace/P1E1/STM32F429ZITX_FLASH.ld" --specs=nosys.specs -Wl,-Map="P1E1.map" -Wl,--gc-sections -static --specs=nano.specs -mfpu=fpv4-sp-d16 -mfloat-abi=hard -mthumb -Wl,--start-group -lc -lm -Wl,--end-group
Finished building target: P1E1.elf
 
arm-none-eabi-size   P1E1.elf 
arm-none-eabi-objdump -h -S  P1E1.elf  > "P1E1.list"
   text	   data	    bss	    dec	    hex	filename
   6400	     32	   1568	   8000	   1f40	P1E1.elf
Finished building: default.size.stdout
 
Finished building: P1E1.list
 

10:13:36 Build Finished. 0 errors, 0 warnings. (took 971ms)

